// Jest Snapshot v1, https://goo.gl/fbAQLP

exports[`Cell should render correctly 1`] = `
<Cell__StyledCell
  isClicked={false}
  onClick={[Function]}
/>
`;
