// Jest Snapshot v1, https://goo.gl/fbAQLP

exports[`HelloWorld should render correctly 1`] = `
<StyledBtn
  onClick={[Function]}
>
  Hello World 
</StyledBtn>
`;
