// Jest Snapshot v1, https://goo.gl/fbAQLP

exports[`EntranceForm should render correctly 1`] = `
<EntranceForm>
  <EntranceBtn
    onClick={[Function]}
  >
    <ForwardRef
      className="EntranceBtn-qvz05a-0 YjlRU"
      onClick={[Function]}
    >
      <WithStyles(ForwardRef(SvgIcon))
        className="EntranceBtn-qvz05a-0 YjlRU"
        onClick={[Function]}
      >
        <ForwardRef(SvgIcon)
          className="EntranceBtn-qvz05a-0 YjlRU"
          classes={
            Object {
              "colorAction": "MuiSvgIcon-colorAction",
              "colorDisabled": "MuiSvgIcon-colorDisabled",
              "colorError": "MuiSvgIcon-colorError",
              "colorPrimary": "MuiSvgIcon-colorPrimary",
              "colorSecondary": "MuiSvgIcon-colorSecondary",
              "fontSizeInherit": "MuiSvgIcon-fontSizeInherit",
              "fontSizeLarge": "MuiSvgIcon-fontSizeLarge",
              "fontSizeSmall": "MuiSvgIcon-fontSizeSmall",
              "root": "MuiSvgIcon-root",
            }
          }
          onClick={[Function]}
        >
          <svg
            aria-hidden="true"
            className="MuiSvgIcon-root EntranceBtn-qvz05a-0 YjlRU"
            focusable="false"
            onClick={[Function]}
            viewBox="0 0 24 24"
          >
            <path
              d="M12 5.9c1.16 0 2.1.94 2.1 2.1s-.94 2.1-2.1 2.1S9.9 9.16 9.9 8s.94-2.1 2.1-2.1m0 9c2.97 0 6.1 1.46 6.1 2.1v1.1H5.9V17c0-.64 3.13-2.1 6.1-2.1M12 4C9.79 4 8 5.79 8 8s1.79 4 4 4 4-1.79 4-4-1.79-4-4-4zm0 9c-2.67 0-8 1.34-8 4v3h16v-3c0-2.66-5.33-4-8-4z"
            />
          </svg>
        </ForwardRef(SvgIcon)>
      </WithStyles(ForwardRef(SvgIcon))>
    </ForwardRef>
  </EntranceBtn>
  <ForwardRef(Modal)
    aria-describedby="simple-modal-description"
    aria-labelledby="simple-modal-title"
    onClose={[Function]}
    open={false}
  />
</EntranceForm>
`;
