// Jest Snapshot v1, https://goo.gl/fbAQLP

exports[`Pleer should render correctly 1`] = `
<GridProvider>
  <div />
</GridProvider>
`;
