// Jest Snapshot v1, https://goo.gl/fbAQLP

exports[`LogoutBtn should render correctly 1`] = `
<Router
  history={
    Object {
      "listen": [MockFunction] {
        "calls": Array [
          Array [
            [Function],
          ],
        ],
        "results": Array [
          Object {
            "type": "return",
            "value": undefined,
          },
        ],
      },
      "location": Object {},
      "push": [MockFunction],
    }
  }
>
  <LogoutBtn>
    <Logout
      onClick={[Function]}
    >
      <ForwardRef
        className="Logout-sc-16zpe0z-0 dLiqNe"
        onClick={[Function]}
      >
        <WithStyles(ForwardRef(SvgIcon))
          className="Logout-sc-16zpe0z-0 dLiqNe"
          onClick={[Function]}
        >
          <ForwardRef(SvgIcon)
            className="Logout-sc-16zpe0z-0 dLiqNe"
            classes={
              Object {
                "colorAction": "MuiSvgIcon-colorAction",
                "colorDisabled": "MuiSvgIcon-colorDisabled",
                "colorError": "MuiSvgIcon-colorError",
                "colorPrimary": "MuiSvgIcon-colorPrimary",
                "colorSecondary": "MuiSvgIcon-colorSecondary",
                "fontSizeInherit": "MuiSvgIcon-fontSizeInherit",
                "fontSizeLarge": "MuiSvgIcon-fontSizeLarge",
                "fontSizeSmall": "MuiSvgIcon-fontSizeSmall",
                "root": "MuiSvgIcon-root",
              }
            }
            onClick={[Function]}
          >
            <svg
              aria-hidden="true"
              className="MuiSvgIcon-root Logout-sc-16zpe0z-0 dLiqNe"
              focusable="false"
              onClick={[Function]}
              viewBox="0 0 24 24"
            >
              <path
                d="M10.09 15.59L11.5 17l5-5-5-5-1.41 1.41L12.67 11H3v2h9.67l-2.58 2.59zM19 3H5c-1.11 0-2 .9-2 2v4h2V5h14v14H5v-4H3v4c0 1.1.89 2 2 2h14c1.1 0 2-.9 2-2V5c0-1.1-.9-2-2-2z"
              />
            </svg>
          </ForwardRef(SvgIcon)>
        </WithStyles(ForwardRef(SvgIcon))>
      </ForwardRef>
    </Logout>
  </LogoutBtn>
</Router>
`;
